Mon Jun 23 21:32:40 UTC 2025 – test job finished OK
Mon Jun 23 21:49:17 UTC 2025 – a_g9_lastspob_inf job started OK
Tue Jun 24 17:39:58 UTC 2025 – gk_g9_tone_inf job started OK
Tue Jun 24 17:50:26 UTC 2025 – a_g9_lastspob_inf job finished OK
Tue Jun 24 17:50:26 UTC 2025 – gk_g9_language_inf job started OK
Tue Jun 24 22:05:44 UTC 2025 – gk_g9_tone_inf job finished OK
Tue Jun 24 22:05:45 UTC 2025 – gk_g9_syntax_inf job started OK
Tue Jun 24 23:41:01 UTC 2025 – gk_g9_language_inf job finished OK
Tue Jun 24 23:41:01 UTC 2025 – gk_g9_extra_b_2_inf job started OK
Wed Jun 25 00:48:55 UTC 2025 – gk_g9_syntax_inf job finished OK
Wed Jun 25 00:48:56 UTC 2025 – gk_g9_style_inf job started OK
Wed Jun 25 04:10:48 UTC 2025 – gk_g9_extra_b_2_inf job finished OK
Wed Jun 25 05:33:03 UTC 2025 – gk_g9_style_inf job finished OK
Wed Jun 25 05:33:03 UTC 2025 – gk_g9_spec_char_inf job started OK
Wed Jun 25 07:59:32 UTC 2025 – gk_g9_extra_a_2_inf job started OK
Wed Jun 25 08:46:06 UTC 2025 – gk_g9_length_2_inf job started OK
Wed Jun 25 08:46:36 UTC 2025 – gk_g9_obstruction_inf job started OK
Wed Jun 25 10:15:31 UTC 2025 – gk_g9_spec_char_inf job finished OK
Wed Jun 25 10:15:31 UTC 2025 – gk_g9_extra_a_inf job started OK
Wed Jun 25 11:45:54 UTC 2025 – gk_g9_length_2_inf job finished OK
Wed Jun 25 12:21:13 UTC 2025 – gk_g9_extra_a_2_inf job finished OK
Wed Jun 25 14:03:13 UTC 2025 – gk_g9_obstruction_inf job finished OK
Wed Jun 25 22:56:50 UTC 2025 – a_q2_boundary_inf job started OK
Wed Jun 25 22:57:13 UTC 2025 – a_q2_context_inf job started OK
Wed Jun 25 22:57:55 UTC 2025 – a_q2_extra_a_inf job started OK
Wed Jun 25 22:57:56 UTC 2025 – a_q2_extra_b_inf job started OK
Wed Jun 25 23:07:58 UTC 2025 – a_q2_boundary_inf job started OK
Wed Jun 25 23:16:59 UTC 2025 – a_q2_boundary_inf job started OK
Wed Jun 25 23:17:40 UTC 2025 – a_q2_context_inf job started OK
Wed Jun 25 23:19:22 UTC 2025 – a_q2_extra_a_inf job started OK
Wed Jun 25 23:19:42 UTC 2025 – a_q2_extra_b_inf job started OK
Thu Jun 26 00:07:37 UTC 2025 – a_q2_boundary_inf job finished OK
Thu Jun 26 00:07:38 UTC 2025 – a_q2_language_inf job started OK
Thu Jun 26 01:37:23 UTC 2025 – a_q2_extra_a_inf job finished OK
Thu Jun 26 01:37:23 UTC 2025 – a_q2_obstruction_inf job started OK
Thu Jun 26 01:45:08 UTC 2025 – a_q2_extra_b_inf job finished OK
Thu Jun 26 01:45:08 UTC 2025 – a_q2_syntax_inf job started OK
Thu Jun 26 01:55:30 UTC 2025 – a_q2_context_inf job finished OK
Thu Jun 26 01:55:30 UTC 2025 – a_q2_length_inf job started OK
Thu Jun 26 03:12:38 UTC 2025 – a_q2_syntax_inf job finished OK
Thu Jun 26 03:12:38 UTC 2025 – gk_q2_obstruction_inf job started OK
Thu Jun 26 03:14:12 UTC 2025 – a_q2_language_inf job finished OK
Thu Jun 26 03:14:12 UTC 2025 – a_q2_special_char_inf job started OK
Thu Jun 26 03:33:22 UTC 2025 – a_q2_length_inf job finished OK
Thu Jun 26 03:33:22 UTC 2025 – a_q2_style_inf job started OK
Thu Jun 26 04:28:20 UTC 2025 – a_q2_obstruction_inf job finished OK
Thu Jun 26 04:28:20 UTC 2025 – gk_q2_spec_char_inf job started OK
Thu Jun 26 05:47:19 UTC 2025 – a_q2_special_char_inf job finished OK
Thu Jun 26 05:47:19 UTC 2025 – a_q2_tone_inf job started OK
Thu Jun 26 06:03:38 UTC 2025 – gk_q2_obstruction_inf job finished OK
Thu Jun 26 06:03:38 UTC 2025 – gk_q2_style_inf job started OK
Thu Jun 26 06:07:25 UTC 2025 – a_q2_style_inf job finished OK
Thu Jun 26 06:07:25 UTC 2025 – a_q2_voice_inf job started OK
Thu Jun 26 07:01:12 UTC 2025 – gk_q2_spec_char_inf job finished OK
Thu Jun 26 07:01:12 UTC 2025 – gk_q2_syntax_inf job started OK
Thu Jun 26 07:58:27 UTC 2025 – a_q2_voice_inf job finished OK
Thu Jun 26 07:58:27 UTC 2025 – gk_q2_boundary_inf job started OK
Thu Jun 26 08:10:14 UTC 2025 – a_q2_tone_inf job finished OK
Thu Jun 26 08:10:14 UTC 2025 – gk_q2_context_inf job started OK
Thu Jun 26 08:29:47 UTC 2025 – gk_q2_syntax_inf job finished OK
Thu Jun 26 08:29:47 UTC 2025 – gk_q2_tone_inf job started OK
Thu Jun 26 08:39:26 UTC 2025 – gk_q2_style_inf job finished OK
Thu Jun 26 08:39:27 UTC 2025 – gk_q2_voice_inf job started OK
Thu Jun 26 08:50:11 UTC 2025 – gk_q2_boundary_inf job finished OK
Thu Jun 26 08:50:11 UTC 2025 – gk_q2_extra_a_inf job started OK
Thu Jun 26 10:30:44 UTC 2025 – gk_q2_voice_inf job finished OK
Thu Jun 26 10:47:59 UTC 2025 – gk_q2_context_inf job finished OK
Thu Jun 26 10:47:59 UTC 2025 – gk_q2_extra_b_inf job started OK
Thu Jun 26 10:55:17 UTC 2025 – gk_q2_tone_inf job finished OK
Thu Jun 26 11:11:50 UTC 2025 – gk_q2_extra_a_inf job finished OK
Thu Jun 26 11:11:50 UTC 2025 – gk_q2_language_inf job started OK
Thu Jun 26 13:13:30 UTC 2025 – gk_q2_extra_b_inf job finished OK
Thu Jun 26 13:13:30 UTC 2025 – gk_q2_length_inf job started OK
Thu Jun 26 14:27:47 UTC 2025 – gk_q2_language_inf job finished OK
Thu Jun 26 14:27:47 UTC 2025 – gemma_dl job started OK
Thu Jun 26 14:52:44 UTC 2025 – gk_q2_length_inf job finished OK
Thu Jun 26 18:43:49 UTC 2025 – gemma_dl job started OK
Thu Jun 26 18:44:13 UTC 2025 – gemma_dl job started OK
Thu Jun 26 18:45:08 UTC 2025 – gemma_dl job started OK
Thu Jun 26 18:48:07 UTC 2025 – mm_q_obstruction_mmlu_inf job started OK
Thu Jun 26 19:11:32 UTC 2025 – gemma_dl job started OK
Thu Jun 26 19:14:05 UTC 2025 – gemma_dl job started OK
Thu Jun 26 19:15:20 UTC 2025 – gemma_dl job started OK
Thu Jun 26 19:19:44 UTC 2025 – gemma_dl job started OK
Thu Jun 26 19:20:09 UTC 2025 – gemma_dl job started OK
Thu Jun 26 19:22:55 UTC 2025 – gemma_dl job started OK
Thu Jun 26 19:25:08 UTC 2025 – gemma_dl job started OK
Thu Jun 26 19:27:08 UTC 2025 – gemma_dl job started OK
Thu Jun 26 19:27:59 UTC 2025 – gemma_dl job started OK
Thu Jun 26 19:33:14 UTC 2025 – gemma_dl job started OK
Thu Jun 26 19:40:31 UTC 2025 – gemma_dl job started OK
Thu Jun 26 19:42:29 UTC 2025 – gemma_dl job started OK
Thu Jun 26 19:52:03 UTC 2025 – gemma_dl job started OK
Thu Jun 26 20:07:50 UTC 2025 – gk_gemma_dl job started OK
Thu Jun 26 20:14:58 UTC 2025 – gk_gemma_dl job started OK
Thu Jun 26 22:28:01 UTC 2025 – mm_q2_boundary_inf job started OK
Thu Jun 26 22:28:08 UTC 2025 – mm_q2_context_inf job started OK
Thu Jun 26 22:28:40 UTC 2025 – mm_q2_voice_inf job started OK
Thu Jun 26 22:28:55 UTC 2025 – mm_q2_tone_inf job started OK
-- big cancel --
Thu Jun 26 22:31:15 UTC 2025 – mm_q2_boundary_inf job started OK
Thu Jun 26 22:31:28 UTC 2025 – mm_q2_context_inf job started OK
Thu Jun 26 22:33:10 UTC 2025 – mm_q2_voice_inf job started OK
Thu Jun 26 22:33:17 UTC 2025 – mm_q2_tone_inf job started OK
Fri Jun 27 00:13:08 UTC 2025 – mm_q2_boundary_inf job finished OK
Fri Jun 27 00:13:08 UTC 2025 – mm_q2_extra_a_inf job started OK
Fri Jun 27 02:16:05 UTC 2025 – mm_q2_voice_inf job finished OK
Fri Jun 27 02:16:05 UTC 2025 – mm_q2_style_inf job started OK
Fri Jun 27 03:22:04 UTC 2025 – mm_q2_tone_inf job finished OK
Fri Jun 27 03:22:04 UTC 2025 – mm_q2_speci_char_inf job started OK
Fri Jun 27 03:42:27 UTC 2025 – mm_q2_context_inf job finished OK
Fri Jun 27 03:42:28 UTC 2025 – mm_q2_extra_b_inf job started OK
Fri Jun 27 04:48:31 UTC 2025 – mm_q2_extra_a_inf job finished OK
Fri Jun 27 04:48:31 UTC 2025 – mm_q2_language_inf job started OK
Fri Jun 27 07:17:48 UTC 2025 – mm_q2_style_inf job finished OK
Fri Jun 27 07:17:48 UTC 2025 – mm_q2_obstruction_inf job started OK
Fri Jun 27 08:27:02 UTC 2025 – mm_q2_speci_char_inf job finished OK
Fri Jun 27 08:30:27 UTC 2025 – mm_q2_extra_b_inf job finished OK
Fri Jun 27 08:30:27 UTC 2025 – mm_q2_length_inf job started OK
Fri Jun 27 11:08:22 UTC 2025 – mm_q2_language_inf job finished OK
Fri Jun 27 11:08:22 UTC 2025 – mm_q2_syntax_inf job started OK
Fri Jun 27 11:47:57 UTC 2025 – mm_q2_length_inf job finished OK
Fri Jun 27 12:57:48 UTC 2025 – mm_q2_obstruction_inf job finished OK
Fri Jun 27 14:06:03 UTC 2025 – mm_q2_syntax_inf job finished OK
Sat Jun 28 12:37:57 UTC 2025 – ft_bucket1 job started OK
Sat Jun 28 12:40:53 UTC 2025 – ft_bucket1 job started OK
Sat Jun 28 12:49:18 UTC 2025 – ft_bucket1 job started OK
Sat Jun 28 12:50:18 UTC 2025 – ft_bucket1 job started OK
Sat Jun 28 17:02:51 UTC 2025 – ft_buckets2 job started OK
Sat Jun 28 17:15:20 UTC 2025 – ft_buckets2 job started OK
Sat Jun 28 22:22:05 UTC 2025 – ft_buckets3 job started OK
Sat Jun 28 22:23:11 UTC 2025 – ft_buckets5 job started OK
Sat Jun 28 22:23:12 UTC 2025 – ft_buckets4 job started OK
Sat Jun 28 22:35:21 UTC 2025 – ft_buckets3 job started OK
Sat Jun 28 22:36:48 UTC 2025 – ft_buckets5 job started OK
Sat Jun 28 22:40:42 UTC 2025 – ft_buckets4 job started OK
Sat Jun 28 22:42:16 UTC 2025 – ft_buckets3 job started OK
Sat Jun 28 23:02:55 UTC 2025 – ft_buckets2 job finished OK
Sun Jun 29 06:42:21 UTC 2025 – ft_buckets3 job finished OK
Sun Jun 29 07:44:11 UTC 2025 – ft_buckets4 job finished OK
Sun Jun 29 08:04:48 UTC 2025 – ft_buckets5 job finished OK
Mon Jun 30 16:21:17 UTC 2025 – bucket1_alpaca_ft_inf job started OK
Mon Jun 30 16:21:51 UTC 2025 – bucket1_alpaca_ft_inf job started OK
Mon Jun 30 16:33:08 UTC 2025 – buckets2_alpaca_ft_inf job started OK
Mon Jun 30 16:33:29 UTC 2025 – bucket3_alpaca_ft_inf job started OK
Mon Jun 30 16:33:52 UTC 2025 – bucket4_alpaca_ft_inf job started OK
Mon Jun 30 16:34:00 UTC 2025 – bucket5_alpaca_ft_inf job started OK
Mon Jun 30 16:34:32 UTC 2025 – bucket4_alpaca_ft_inf job started OK
Mon Jun 30 16:35:57 UTC 2025 – buckets3_alpaca_ft_inf job started OK
Mon Jun 30 16:36:52 UTC 2025 – buckets3_alpaca_ft_inf job started OK
Mon Jun 30 16:37:03 UTC 2025 – buckets4_alpaca_ft_inf job started OK
Mon Jun 30 18:28:14 UTC 2025 – bucket1_alpaca_ft_inf job finished OK
Mon Jun 30 20:38:04 UTC 2025 – buckets2_alpaca_ft_inf job finished OK
Mon Jun 30 21:57:19 UTC 2025 – buckets3_alpaca_ft_inf job finished OK
Mon Jun 30 21:57:19 UTC 2025 – buckets5_alpaca_ft_inf job started OK
Mon Jun 30 23:07:50 UTC 2025 – buckets4_alpaca_ft_inf job finished OK
Tue Jul  1 04:24:30 UTC 2025 – buckets5_alpaca_ft_inf job finished OK
Tue Jul  8 19:57:34 UTC 2025 – ft_buckets_1-1 job started OK
Tue Jul  8 20:10:43 UTC 2025 – ft_buckets_1-2 job started OK
Tue Jul  8 20:13:33 UTC 2025 – ft_buckets_1-3 job started OK
Tue Jul  8 20:24:59 UTC 2025 – ft_buckets_1-4 job started OK
Tue Jul  8 20:28:28 UTC 2025 – ft_buckets_1-4 job started OK
Tue Jul  8 23:33:32 UTC 2025 – ft_buckets_1-1 job finished OK
Tue Jul  8 23:33:32 UTC 2025 – ft_buckets_1-5 job started OK
Tue Jul  8 23:47:11 UTC 2025 – ft_buckets_1-2 job finished OK
Tue Jul  8 23:47:45 UTC 2025 – ft_buckets_1-3 job finished OK
Wed Jul  9 00:02:32 UTC 2025 – ft_buckets_1-4 job finished OK
Wed Jul  9 03:10:17 UTC 2025 – ft_buckets_1-5 job finished OK
Wed Jul  9 10:06:20 UTC 2025 – ft_inf_buckets_1-1 job started OK
Wed Jul  9 10:06:54 UTC 2025 – ft_inf_buckets_1-2 job started OK
Wed Jul  9 10:07:16 UTC 2025 – ft_inf_buckets_1-3 job started OK
Wed Jul  9 10:07:47 UTC 2025 – ft_inf_buckets_1-4 job started OK
Wed Jul  9 10:15:58 UTC 2025 – ft_inf_buckets_1-1 job finished OK
Wed Jul  9 10:45:50 UTC 2025 – ft_inf_buckets_1-3 job finished OK
Wed Jul  9 10:45:50 UTC 2025 – ft_inf_buckets_1-4 job started OK
Wed Jul  9 10:55:24 UTC 2025 – ft_inf_buckets_1-4 job finished OK
Wed Jul  9 13:34:02 UTC 2025 – ft_buckets_1-1 job started OK
Wed Jul  9 13:34:51 UTC 2025 – ft_buckets_1-1 job started OK
Wed Jul  9 16:22:29 UTC 2025 – ft_buckets_1-1 job finished OK
Wed Jul  9 21:13:28 UTC 2025 – ft_buckets_1-1 job started OK
Wed Jul  9 21:13:33 UTC 2025 – ft_buckets_1-2 job started OK
Wed Jul  9 21:13:41 UTC 2025 – ft_buckets_1-3 job started OK
Wed Jul  9 21:14:36 UTC 2025 – ft_buckets_1-4 job started OK
Wed Jul  9 21:14:49 UTC 2025 – ft_buckets_1-5 job started OK
Wed Jul  9 21:16:48 UTC 2025 – ft_buckets_1-1 job started OK
Wed Jul  9 21:17:38 UTC 2025 – ft_buckets_1-2 job started OK
Wed Jul  9 21:17:44 UTC 2025 – ft_buckets_1-3 job started OK
Wed Jul  9 21:17:47 UTC 2025 – ft_buckets_1-4 job started OK
Wed Jul  9 21:17:51 UTC 2025 – ft_buckets_1-5 job started OK
Wed Jul  9 21:27:06 UTC 2025 – ft_buckets_1-1 job started OK
Wed Jul  9 21:27:14 UTC 2025 – ft_buckets_1-1 job started OK
Wed Jul  9 21:28:52 UTC 2025 – ft_buckets_1-2 job started OK
Wed Jul  9 21:29:19 UTC 2025 – ft_buckets_1-3 job started OK
Wed Jul  9 21:29:52 UTC 2025 – ft_buckets_1-4 job started OK
Wed Jul  9 21:30:00 UTC 2025 – ft_buckets_1-5 job started OK
Wed Jul  9 21:33:59 UTC 2025 – ft_buckets_1-3 job started OK
Thu Jul 10 00:17:07 UTC 2025 – ft_buckets_1-1 job finished OK
Thu Jul 10 00:17:07 UTC 2025 – ft_buckets_1-2 job started OK
Thu Jul 10 04:30:56 UTC 2025 – ft_buckets_1-3 job finished OK
Thu Jul 10 04:30:56 UTC 2025 – ft_sl3_buckets_1-3 job started OK
Thu Jul 10 05:29:20 UTC 2025 – ft_buckets_1-2 job finished OK
Thu Jul 10 05:29:20 UTC 2025 – ft_sl1_buckets_1-1 job started OK
Thu Jul 10 06:06:09 UTC 2025 – ft_buckets_1-4 job finished OK
Thu Jul 10 06:06:09 UTC 2025 – ft_sl4_buckets_1-4 job started OK
Thu Jul 10 06:06:20 UTC 2025 – ft_sl2_buckets_1-2 job started OK
Thu Jul 10 08:17:08 UTC 2025 – ft_sl1_buckets_1-1 job finished OK
Thu Jul 10 08:17:08 UTC 2025 – ft_sl5_buckets_1-5 job started OK
Thu Jul 10 08:35:12 UTC 2025 – ft_sl4_buckets_1-4 job started OK
Thu Jul 10 11:22:05 UTC 2025 – ft_sl2_buckets_1-2 job finished OK
Thu Jul 10 11:22:05 UTC 2025 – 1-1_ft_inf_buckets_1-1 job started OK
Thu Jul 10 11:37:25 UTC 2025 – ft_sl3_buckets_1-3 job finished OK
Thu Jul 10 11:37:25 UTC 2025 – 1-1_specific_layers_ft_inf_buckets_1-1 job started OK
Thu Jul 10 12:45:01 UTC 2025 – 1-1_ft_inf_buckets_1-1 job finished OK
Thu Jul 10 12:45:02 UTC 2025 – 1-2_ft_inf_buckets_1-2 job started OK
Thu Jul 10 12:59:48 UTC 2025 – 1-1_specific_layers_ft_inf_buckets_1-1 job finished OK
Thu Jul 10 12:59:49 UTC 2025 – 1-2_specific_layers_ft_inf_buckets_1-2 job started OK
Thu Jul 10 15:25:30 UTC 2025 – 1-2_ft_inf_buckets_1-2 job finished OK
Thu Jul 10 15:25:30 UTC 2025 – 1-3_ft_inf_buckets_1-3 job started OK
Thu Jul 10 15:42:39 UTC 2025 – 1-2_specific_layers_ft_inf_buckets_1-2 job finished OK
Thu Jul 10 15:42:39 UTC 2025 – 1-3_specific_layers_ft_inf_buckets_1-3 job started OK
Thu Jul 10 16:53:20 UTC 2025 – ft_sl5_buckets_1-5 job finished OK
Thu Jul 10 16:53:20 UTC 2025 – 1-4_ft_inf_buckets_1-4 job started OK
Thu Jul 10 17:32:00 UTC 2025 – ft_sl4_buckets_1-4 job finished OK
Thu Jul 10 17:32:00 UTC 2025 – 1-4_specific_layers_ft_inf_buckets_1-4 job started OK
Thu Jul 10 18:06:37 UTC 2025 – 1-3_ft_inf_buckets_1-3 job finished OK
Thu Jul 10 18:06:37 UTC 2025 – 1-5_ft_inf_buckets_1-5 job started OK
Thu Jul 10 18:26:14 UTC 2025 – 1-3_specific_layers_ft_inf_buckets_1-3 job finished OK
Thu Jul 10 18:26:14 UTC 2025 – 1-5_specific_layers_ft_inf_buckets_1-5 job started OK
Thu Jul 10 19:19:35 UTC 2025 – ft_sl5_all_layers_buckets_1-5 job started OK
Thu Jul 10 19:38:17 UTC 2025 – ft_all_layers_buckets_1-5 job started OK
Thu Jul 10 20:14:36 UTC 2025 – 1-4_ft_inf_buckets_1-4 job finished OK
Thu Jul 10 20:50:51 UTC 2025 – 1-4_specific_layers_ft_inf_buckets_1-4 job finished OK
Thu Jul 10 21:52:12 UTC 2025 – 1-5_specific_layers_ft_inf_buckets_1-5 job finished OK
Thu Jul 10 22:34:38 UTC 2025 – 1-1_all_layers_ft_inf_alldata job started OK
Thu Jul 10 22:35:04 UTC 2025 – 1-3_all_layers_ft_inf_alldata job started OK
Thu Jul 10 22:35:09 UTC 2025 – 1-4_all_layers_ft_inf_alldata job started OK
Thu Jul 10 22:35:10 UTC 2025 – 1-2_all_layers_ft_inf_alldata job started OK
Thu Jul 10 22:37:21 UTC 2025 – 1-3_all_layers_ft_inf_alldata job started OK
Thu Jul 10 22:38:45 UTC 2025 – 1-4_all_layers_ft_inf_alldata job started OK
Thu Jul 10 22:39:27 UTC 2025 – 1-3_all_layers_ft_inf_alldata job started OK
Thu Jul 10 22:40:08 UTC 2025 – 1-4_all_layers_ft_inf_alldata job started OK
Thu Jul 10 22:41:08 UTC 2025 – 1-4_all_layers_ft_inf_alldata job started OK
Thu Jul 10 22:41:27 UTC 2025 – 1-3_all_layers_ft_inf_alldata job started OK
Thu Jul 10 23:30:21 UTC 2025 – 1-5_all_layers_ft_inf_alldata job started OK
Fri Jul 11 02:34:57 UTC 2025 – 1-3_all_layers_ft_inf_alldata job finished OK
Fri Jul 11 02:34:57 UTC 2025 – 1-3_specific_layers_ft_inf_alldata job started OK
Fri Jul 11 03:24:38 UTC 2025 – 1-4_all_layers_ft_inf_alldata job finished OK
Fri Jul 11 03:24:38 UTC 2025 – 1-4_specific_layers_ft_inf_alldata job started OK
Fri Jul 11 04:13:07 UTC 2025 – ft_all_layers_buckets_1-5 job finished OK
Fri Jul 11 04:13:08 UTC 2025 – 1-1_all_layers_ft_inf_alldata job started OK
Fri Jul 11 04:17:31 UTC 2025 – 1-5_all_layers_ft_inf_alldata job finished OK
Fri Jul 11 04:17:31 UTC 2025 – 1-1_specific_layers_ft_inf_alldata job started OK
Fri Jul 11 05:47:05 UTC 2025 – 1-1_all_layers_ft_inf_alldata job finished OK
Fri Jul 11 05:47:05 UTC 2025 – 1-2_specific_layers_ft_inf_alldata job started OK
Fri Jul 11 05:51:54 UTC 2025 – 1-1_specific_layers_ft_inf_alldata job finished OK
Fri Jul 11 05:51:55 UTC 2025 – 1-5_specific_layers_ft_inf_alldata job started OK
Fri Jul 11 06:28:41 UTC 2025 – 1-3_specific_layers_ft_inf_alldata job finished OK
Fri Jul 11 08:06:36 UTC 2025 – 1-4_specific_layers_ft_inf_alldata job finished OK
Fri Jul 11 10:16:15 UTC 2025 – 1-2_all_layers_ft_inf_alldata job started OK
Fri Jul 11 10:21:38 UTC 2025 – 1-2_specific_layers_ft_inf_alldata job started OK
Fri Jul 11 10:23:32 UTC 2025 – 1-1_specific_layers_ft_inf_alldata job started OK
Fri Jul 11 10:39:58 UTC 2025 – 1-5_specific_layers_ft_inf_alldata job finished OK
Fri Jul 11 10:39:58 UTC 2025 – 1-3_specific_layers_ft_inf_alldata job started OK
Fri Jul 11 11:11:13 UTC 2025 – 1-4_specific_layers_ft_inf_alldata job started OK
Fri Jul 11 11:16:36 UTC 2025 – 1-5_specific_layers_ft_inf_alldata job started OK
Fri Jul 11 11:58:02 UTC 2025 – 1-1_specific_layers_ft_inf_alldata job finished OK
Fri Jul 11 11:58:02 UTC 2025 – 1-3_inf_all_layers_all_data_ft_inf job started OK
Fri Jul 11 14:34:34 UTC 2025 – 1-3_specific_layers_ft_inf_alldata job finished OK
Fri Jul 11 14:34:34 UTC 2025 – 1-1_inf_all_layers_all_data_ft_inf job started OK
Fri Jul 11 15:55:38 UTC 2025 – 1-4_specific_layers_ft_inf_alldata job finished OK
Fri Jul 11 15:55:39 UTC 2025 – 1-2_inf_all_layers_all_data_ft_inf job started OK
Fri Jul 11 16:02:32 UTC 2025 – 1-5_specific_layers_ft_inf_alldata job finished OK
Fri Jul 11 16:02:33 UTC 2025 – 1-4_inf_all_layers_all_data_ft_inf job started OK
Fri Jul 11 16:53:55 UTC 2025 – 1-1_inf_all_layers_all_data_ft_inf job finished OK
Fri Jul 11 16:53:55 UTC 2025 – 1-5_inf_all_layers_all_data_ft_inf job started OK
Fri Jul 11 18:32:20 UTC 2025 – 1-3_inf_all_layers_all_data_ft_inf job finished OK
Fri Jul 11 18:32:20 UTC 2025 – 1-5_a_inf_all_layers job started OK
Fri Jul 11 21:35:32 UTC 2025 – 1-1_all_layers_ft_all_data job started OK
Fri Jul 11 21:35:41 UTC 2025 – 1-2_all_layers_ft_all_data job started OK
Fri Jul 11 21:35:56 UTC 2025 – 1-3_all_layers_ft_all_data job started OK
Fri Jul 11 21:36:54 UTC 2025 – 1-5_all_layers_ft_all_data job started OK
Fri Jul 11 21:37:00 UTC 2025 – 1-4_all_layers_ft_all_data job started OK
Fri Jul 11 21:38:00 UTC 2025 – 1-1_specific_layers_ft_all_data job started OK
Fri Jul 11 21:44:14 UTC 2025 – 1-1_all_layers_ft_all_data job started OK
Fri Jul 11 21:44:41 UTC 2025 – 1-1_all_layers_ft_all_data job started OK
Fri Jul 11 21:46:05 UTC 2025 – 1-1_all_layers_ft_all_data job started OK
Fri Jul 11 21:47:07 UTC 2025 – 1-1_all_layers_ft_all_data job started OK
Fri Jul 11 21:47:40 UTC 2025 – 1-1_all_layers_ft_all_data job started OK
Fri Jul 11 21:48:27 UTC 2025 – 1-1_all_layers_ft_all_data job started OK
Fri Jul 11 21:48:42 UTC 2025 – 1-2_all_layers_ft_all_data job started OK
Fri Jul 11 21:50:00 UTC 2025 – 1-1_all_layers_ft_all_data job started OK
Fri Jul 11 21:50:25 UTC 2025 – 1-2_all_layers_ft_all_data job started OK
Fri Jul 11 21:51:21 UTC 2025 – 1-1_all_layers_ft_all_data job started OK
Fri Jul 11 21:51:43 UTC 2025 – 1-2_all_layers_ft_all_data job started OK
Fri Jul 11 21:51:54 UTC 2025 – 1-3_all_layers_ft_all_data job started OK
Fri Jul 11 21:52:48 UTC 2025 – 1-5_all_layers_ft_all_data job started OK
Fri Jul 11 21:52:50 UTC 2025 – 1-4_all_layers_ft_all_data job started OK
Fri Jul 11 21:54:24 UTC 2025 – 1-1_all_layers_ft_all_data job started OK
Fri Jul 11 21:54:46 UTC 2025 – 1-2_all_layers_ft_all_data job started OK
Fri Jul 11 22:03:35 UTC 2025 – 1-5_a_inf_all_layers job finished OK
Fri Jul 11 22:03:35 UTC 2025 – 1-3_all_layers_ft_all_data job started OK
Fri Jul 11 22:36:13 UTC 2025 – 1-5_all_layers_ft_all_data job started OK
Sat Jul 12 00:51:09 UTC 2025 – 1-1_specific_layers_ft_all_data job started OK
Sat Jul 12 03:30:20 UTC 2025 – 1-3_specific_layers_ft_all_data job started OK
Sat Jul 12 04:34:53 UTC 2025 – 1-1_all_layers_ft_all_data job finished OK
Sat Jul 12 04:34:54 UTC 2025 – 1-2_specific_layers_ft_all_data job started OK
Sat Jul 12 05:16:03 UTC 2025 – 1-5_specific_layers_ft_all_data job started OK
Sat Jul 12 07:32:05 UTC 2025 – 1-1_specific_layers_ft_all_data job finished OK
Sat Jul 12 08:22:50 UTC 2025 – 1-2_all_layers_ft_all_data job started OK
Sat Jul 12 08:23:07 UTC 2025 – 1-3_all_layers_ft_all_data job started OK
Sat Jul 12 08:28:58 UTC 2025 – 1-2_all_layers_ft_all_data job started OK
Sat Jul 12 08:29:06 UTC 2025 – 1-3_all_layers_ft_all_data job started OK
Sat Jul 12 08:29:56 UTC 2025 – 1-2_specific_layers_ft_all_data job started OK
Sat Jul 12 08:29:56 UTC 2025 – 1-5_specific_layers_ft_all_data job started OK
Sat Jul 12 08:55:44 UTC 2025 – 1-4_specific_layers_ft_all_data job started OK
Sat Jul 12 09:54:24 UTC 2025 – 1-1_all_layers_ft_all_data job started OK
Sat Jul 12 09:57:02 UTC 2025 – 1-2_all_layers_ft_all_data job started OK
Sat Jul 12 09:57:30 UTC 2025 – 1-3_all_layers_ft_all_data job started OK
Sat Jul 12 10:02:39 UTC 2025 – 1-5_all_layers_ft_all_data job started OK
Sat Jul 12 13:53:15 UTC 2025 – 1-4_specific_layers_ft_all_data job started OK
Sun Jul 13 01:57:18 UTC 2025 – 1-2_specific_layers_ft_all_data job started OK
Sun Jul 13 01:57:48 UTC 2025 – 1-5_specific_layers_ft_all_data job started OK
Sun Jul 13 02:02:48 UTC 2025 – 1-3_specific_layers_ft_all_data job started OK
Sun Jul 13 05:53:19 UTC 2025 – inf_1-1_specific_layers_all_data job started OK
Sun Jul 13 08:53:39 UTC 2025 – 1-1_specific_layers_ft_inf_alldata job started OK
Sun Jul 13 10:25:31 UTC 2025 – 1-2_all_layers_ft_all_data job started OK
Sun Jul 13 10:34:53 UTC 2025 – 1-2_all_layers_ft_all_data job started OK
Sun Jul 13 10:49:33 UTC 2025 – 1-2_all_layers_ft_all_data job started OK
Sun Jul 13 10:52:24 UTC 2025 – 1-1_inf_all_layers_all_data job started OK
Sun Jul 13 10:59:30 UTC 2025 – 1-2_all_layers_ft_all_data job started OK
Sun Jul 13 11:01:04 UTC 2025 – 1-3_all_layers_ft_all_data job started OK
Sun Jul 13 11:06:33 UTC 2025 – 1-2_all_layers_ft_all_data job started OK
Sun Jul 13 11:08:48 UTC 2025 – 1-3_all_layers_ft_all_data job started OK
Sun Jul 13 11:38:48 UTC 2025 – 1-2_all_layers_ft_all_data job started OK
Sun Jul 13 12:54:34 UTC 2025 – 1-1_specific_layers_ft_inf_alldata job finished OK
Sun Jul 13 12:54:34 UTC 2025 – 1-4_all_layers_ft_all_data job started OK
Sun Jul 13 12:58:28 UTC 2025 – 1-5_all_layers_ft_all_data job started OK
Sun Jul 13 14:55:25 UTC 2025 – 1-1_inf_all_layers_all_data job finished OK
Sun Jul 13 14:59:02 UTC 2025 – 1-2_all_layers_ft_all_data job started OK
Sun Jul 13 15:43:29 UTC 2025 – 1-2_all_layers_ft_all_data job started OK
Sun Jul 13 15:46:24 UTC 2025 – 1-2_all_layers_ft_all_data job started OK
Sun Jul 13 15:48:52 UTC 2025 – 1-2_all_layers_ft_all_data job started OK
Sun Jul 13 16:11:19 UTC 2025 – 1-2_all_layers_ft_all_data job started OK
Sun Jul 13 16:20:49 UTC 2025 – 1-3_all_layers_ft_all_data job started OK
Sun Jul 13 16:20:58 UTC 2025 – 1-4_all_layers_ft_all_data job started OK
Sun Jul 13 16:21:20 UTC 2025 – 1-5_all_layers_ft_all_data job started OK
Sun Jul 13 23:02:09 UTC 2025 – l1-2_specific_layers_ft_all_data job started OK
Mon Jul 14 02:59:33 UTC 2025 – 1-2_all_layers_ft_all_data job finished OK
Mon Jul 14 02:59:33 UTC 2025 – l1-3_specific_layers_ft_all_data job started OK
Mon Jul 14 08:21:26 UTC 2025 – h1-4_specific_layers_ft_all_data job started OK
Mon Jul 14 08:21:26 UTC 2025 – h1-5_specific_layers_ft_all_data job started OK
Mon Jul 14 09:50:04 UTC 2025 – l1-2_specific_layers_ft_all_data job finished OK
Tue Jul 15 21:41:33 UTC 2025 - test_perplexity job started OK
Tue Jul 15 21:42:50 UTC 2025 - test_perplexity job started OK
Tue Jul 15 21:44:06 UTC 2025 - test_perplexity job started OK
Tue Jul 15 21:44:57 UTC 2025 - test_perplexity job finished OK
Tue Jul 15 22:20:32 UTC 2025 - test_ft_ppl job started OK
Tue Jul 15 22:20:52 UTC 2025 - test_ft_ppl job started OK
Tue Jul 15 22:21:01 UTC 2025 - test_ft_ppl job finished OK
Tue Jul 15 22:25:09 UTC 2025 - test_perplexity job started OK
Tue Jul 15 22:25:17 UTC 2025 - test_perplexity job finished OK
Tue Jul 15 22:25:42 UTC 2025 - test_ft_ppl job started OK
Tue Jul 15 22:26:55 UTC 2025 - test_ft_ppl job started OK
Tue Jul 15 22:27:04 UTC 2025 - test_ft_ppl job finished OK
Tue Jul 15 22:31:56 UTC 2025 - test_perplexity job started OK
Tue Jul 15 22:32:03 UTC 2025 - test_perplexity job finished OK
Tue Jul 15 22:32:35 UTC 2025 - test_ft_ppl job started OK
Tue Jul 15 22:32:44 UTC 2025 - test_ft_ppl job finished OK
Tue Jul 15 22:41:53 UTC 2025 - test_perplexity job started OK
Tue Jul 15 22:44:15 UTC 2025 - test_perplexity job started OK
Tue Jul 15 22:44:23 UTC 2025 - test_perplexity job finished OK
Tue Jul 15 22:46:15 UTC 2025 - test_perplexity job started OK
Tue Jul 15 22:46:22 UTC 2025 - test_perplexity job finished OK
Tue Jul 15 22:48:32 UTC 2025 - test_perplexity job started OK
Tue Jul 15 22:48:55 UTC 2025 - test_perplexity job started OK
Tue Jul 15 22:51:05 UTC 2025 - test_perplexity job started OK
Tue Jul 15 22:51:13 UTC 2025 - test_perplexity job finished OK
Tue Jul 15 22:53:34 UTC 2025 - test_ft_ppl job started OK
Tue Jul 15 22:53:44 UTC 2025 - test_ft_ppl job finished OK
Tue Jul 15 23:49:11 UTC 2025 - l_alpaca_ppl job started OK
Tue Jul 15 23:50:40 UTC 2025 - l_gsm8k_ppl job started OK
Tue Jul 15 23:50:59 UTC 2025 - h_mmlu_ppl job started OK
Wed Jul 16 04:30:30 UTC 2025 - l_alpaca_ppl job finished OK
Wed Jul 16 08:31:05 UTC 2025 - l_gsm8k_ppl job finished OK
Wed Jul 16 09:02:11 UTC 2025 - h_mmlu_ppl job finished OK
Thu Jul 17 20:50:01 UTC 2025 – l1-1_a_ft job started OK
Thu Jul 17 20:56:40 UTC 2025 – l1-1_a_ft job started OK
Thu Jul 17 20:59:24 UTC 2025 – l1-1_a_ft job started OK
Thu Jul 17 21:05:30 UTC 2025 – l1-1_a_ft job started OK
Thu Jul 17 21:11:48 UTC 2025 – l1-1_a_ft job started OK
Thu Jul 17 21:13:44 UTC 2025 – l1-1_a_ft job finished OK
Thu Jul 17 21:27:17 UTC 2025 – l1-1_a_ft job started OK
Thu Jul 17 21:29:10 UTC 2025 – l1-2_a_ft job started OK
Thu Jul 17 21:31:37 UTC 2025 – l1-1_a_ft job started OK
Thu Jul 17 21:32:17 UTC 2025 – l1-2_a_ft job started OK
Thu Jul 17 21:35:54 UTC 2025 – h1-3_a_ft job started OK
Thu Jul 17 21:36:07 UTC 2025 – h1-4_a_ft job started OK
Thu Jul 17 21:49:17 UTC 2025 – l1-5_a_ft job started OK
Thu Jul 17 21:49:17 UTC 2025 – h1-3_a_specific_layers_ft job started OK
Thu Jul 17 21:49:17 UTC 2025 – h1-3_a_specific_layers_ft job started OK
Thu Jul 17 21:49:17 UTC 2025 – l1-5_a_specific_layers_ft job started OK
Thu Jul 17 21:49:21 UTC 2025 – l1-2_all_data_ft job started OK
Thu Jul 17 21:49:21 UTC 2025 – l1-1_all_data_ft job started OK
Thu Jul 17 21:49:24 UTC 2025 – h1-1_a_specific_layers_ft job started OK
Thu Jul 17 21:49:24 UTC 2025 – h1-2_a_specific_layers_ft job started OK
Thu Jul 17 21:49:29 UTC 2025 – h1-4_all_data_ft job started OK
Thu Jul 17 21:49:29 UTC 2025 – h1-5_all_data_ft job started OK
Thu Jul 17 21:49:32 UTC 2025 – l1-3_all_data_ft job started OK
Thu Jul 17 21:50:40 UTC 2025 – l1-1_a_all_layers_ft job started OK
Thu Jul 17 21:50:49 UTC 2025 – l1-2_a_all_layers_ft job started OK
Thu Jul 17 21:51:20 UTC 2025 – l1-3_a_all_layers_ft job started OK
Thu Jul 17 21:53:15 UTC 2025 – l1-1_a_all_layers_ft job started OK
Thu Jul 17 21:53:20 UTC 2025 – l1-2_a_all_layers_ft job started OK
Thu Jul 17 21:53:36 UTC 2025 – h1-4_a_all_layers_ft job started OK
Thu Jul 17 21:53:47 UTC 2025 – h1-5_a_all_layers_ft job started OK
Thu Jul 17 21:54:06 UTC 2025 – l1-3_a_all_layers_ft job started OK
Thu Jul 17 21:54:29 UTC 2025 – h1-1_a_specific_layers_ft job started OK
Thu Jul 17 21:54:40 UTC 2025 – h1-2_a_specific_layers_ft job started OK
Thu Jul 17 21:55:21 UTC 2025 – h1-3_a_specific_layers_ft job started OK
Thu Jul 17 22:11:07 UTC 2025 – l1-1_a_all_layers_ft job started OK
Thu Jul 17 22:11:26 UTC 2025 – l1-2_a_all_layers_ft job started OK
Thu Jul 17 22:11:50 UTC 2025 – h1-3_a_all_layers_ft job started OK
Thu Jul 17 22:12:01 UTC 2025 – h1-4_a_all_layers_ft job started OK
Fri Jul 18 01:49:14 UTC 2025 – l1-1_a_all_layers_ft job finished OK
Fri Jul 18 01:49:14 UTC 2025 – l1-5_a_all_layers_ft job started OK
Fri Jul 18 04:37:22 UTC 2025 – l1-2_a_all_layers_ft job finished OK
Fri Jul 18 04:37:23 UTC 2025 – l1-1_a_specific_layers_ft job started OK
Fri Jul 18 07:10:09 UTC 2025 – h1-3_a_all_layers_ft job finished OK
Fri Jul 18 07:10:09 UTC 2025 – h1-3_a_specific_layers_ft job started OK
Fri Jul 18 08:11:09 UTC 2025 – l1-1_a_specific_layers_ft job finished OK
Fri Jul 18 08:11:09 UTC 2025 – l1-2_a_specific_layers_ft job started OK
Fri Jul 18 09:01:39 UTC 2025 – h1-4_a_all_layers_ft job finished OK
Fri Jul 18 09:01:39 UTC 2025 – h1-4_a_specific_layers_ft job started OK
Fri Jul 18 12:38:39 UTC 2025 – l1-5_a_all_layers_ft job finished OK
Fri Jul 18 12:38:39 UTC 2025 – l1-1_all_data_all_layers_ft job started OK
Fri Jul 18 14:38:54 UTC 2025 – l1-2_a_specific_layers_ft job finished OK
Fri Jul 18 14:38:54 UTC 2025 – l1-2_all_data_all_layers_ft job started OK
Fri Jul 18 16:43:53 UTC 2025 – h1-3_a_specific_layers_ft job finished OK
Fri Jul 18 16:43:54 UTC 2025 – h1-5_a_specific_layers_ft job started OK
Fri Jul 18 19:48:14 UTC 2025 – h1-4_a_specific_layers_ft job finished OK
Fri Jul 18 19:48:14 UTC 2025 – h1-3_all_data_all_layers_ft job started OK
Fri Jul 18 20:25:03 UTC 2025 – l1-1_all_data_all_layers_ft job finished OK
Fri Jul 18 20:25:03 UTC 2025 – l1-5_all_data_all_layers_ft job started OK
Fri Jul 18 20:26:05 UTC 2025 – l1-1_a_specific_layers_ft job started OK
Fri Jul 18 20:26:41 UTC 2025 – l1-2_a_specific_layers_ft job started OK
Fri Jul 18 20:27:17 UTC 2025 – l1-3_a_specific_layers_ft job started OK
Fri Jul 18 21:56:47 UTC 2025 – h1-4_all_data_all_layers_ft job started OK
Fri Jul 18 21:57:26 UTC 2025 – h1-4_a_specific_layers_ft job started OK
Fri Jul 18 21:58:01 UTC 2025 – h1-5_a_specific_layers_ft job started OK
Sat Jul 19 04:01:41 UTC 2025 – h1-5_a_specific_layers_ft job finished OK
Sat Jul 19 04:25:50 UTC 2025 – l1-2_all_data_all_layers_ft job finished OK
Mon Jul 21 00:15:01 UTC 2025 - ft_stats job started OK
Mon Jul 21 21:35:00 UTC 2025 – l1-3_a_all_layers_ft job started OK
Tue Jul 22 05:11:54 UTC 2025 – l1-2_a_all_layers_ft_lr9e-5_gas8_sas200 job started OK
Tue Jul 22 05:11:54 UTC 2025 – l1-3_a_all_layers_ft job started OK
Tue Jul 22 05:19:59 UTC 2025 – l1-3_a_specific_layers_ft_lr1.6e-4_ga16_sas500 job started OK
Tue Jul 22 06:20:50 UTC 2025 – l1-3_a_specific_layers_ft_lr1e-4_ga16_sas300 job started OK
Tue Jul 22 10:35:05 UTC 2025 – l1-3_a_specific_layers_ft_lr1e-4_ga16_sas300 job finished OK
Tue Jul 22 10:35:09 UTC 2025 – l1-2_all_data_all_layers_ft_lr1e-4_gas8_sas300 job started OK
Tue Jul 22 10:39:59 UTC 2025 – l1-2_all_data_all_layers_ft_lr9e-5_gas8_sas300 job started OK
Tue Jul 22 10:51:28 UTC 2025 – l1-2_all_data_all_layers_ft_lr9e-5_gas8_sas400 job started OK
Tue Jul 22 10:56:28 UTC 2025 – l1-2_all_data_all_layers_ft_lr9e-5_gas16_sas300 job started OK
Tue Jul 22 11:09:48 UTC 2025 – l1-3_all_data_specific_layers_ft_lr1.8e-4_ga16_sas400 job started OK
Tue Jul 22 11:11:57 UTC 2025 – l1-3_all_data_specific_layers_ft_lr1e-4_ga16_sas500 job started OK
Tue Jul 22 11:13:26 UTC 2025 – l1-3_all_data_specific_layers_ft_lr1e-4_ga32_sas500 job started OK
Tue Jul 22 11:14:53 UTC 2025 – l1-2_all_data_specific_layers_ft_lr1e-4_ga32_sas500 job started OK
Tue Jul 22 11:16:20 UTC 2025 – l1-3_all_data_specific_layers_ft_lr2e-4_gas16_sas300 job started OK
Tue Jul 22 13:48:08 UTC 2025 – l1-3_a_all_layers_ft_A-base job started OK
Tue Jul 22 13:53:14 UTC 2025 – lA-hiLR_1-3_a_all_layers_ft job started OK
Tue Jul 22 13:53:53 UTC 2025 – hC-base_1-2_all_data_all_layers_ft job started OK
Tue Jul 22 13:54:47 UTC 2025 – hC-lowLR-long_1-2_all_data_all_layers_ft job started OK
Tue Jul 22 13:58:26 UTC 2025 – hC-hiLR-long_1-2_all_data_all_layers_ft job started OK
Tue Jul 22 13:58:30 UTC 2025 – lA-long_1-3_a_all_layers_ft job started OK
Tue Jul 22 14:03:48 UTC 2025 – lB-qlora-16_1-2_a_specific_layers_ft job started OK
Tue Jul 22 15:47:37 UTC 2025 – hC-base_1-2_all_data_all_layers_ft job started OK
Tue Jul 22 15:47:59 UTC 2025 – hC-lowLR-long_1-2_all_data_all_layers_ft job started OK
Tue Jul 22 15:52:15 UTC 2025 – hC-hiLR_1-2_all_data_all_layers_ft job started OK
Fri Jul 18 23:36:53 UTC 2025 – l1-1_all_data_specific_layers_ft job started OK
Fri Jul 18 23:37:21 UTC 2025 – l1-1_all_data_specific_layers_ft job started OK
Fri Jul 18 23:38:18 UTC 2025 – l1-1_all_data_specific_layers_ft job started OK
Fri Jul 18 23:39:10 UTC 2025 – l1-1_all_data_specific_layers_ft job started OK
Fri Jul 18 23:41:21 UTC 2025 – l1-1_all_data_specific_layers_ft job started OK
Fri Jul 18 23:43:02 UTC 2025 – l1-1_all_data_specific_layers_ft job started OK
Fri Jul 18 23:43:13 UTC 2025 – l1-1_all_data_specific_layers_ft job started OK
Fri Jul 18 23:44:29 UTC 2025 – l1-1_all_data_specific_layers_ft job started OK
Fri Jul 18 23:45:45 UTC 2025 – l1-1_all_data_specific_layers_ft job started OK
Fri Jul 18 23:46:39 UTC 2025 – l1-1_all_data_specific_layers_ft job started OK
Fri Jul 18 23:47:50 UTC 2025 – l1-1_all_data_specific_layers_ft job started OK
Fri Jul 18 23:48:31 UTC 2025 – l1-1_all_data_specific_layers_ft job started OK
Fri Jul 18 23:50:02 UTC 2025 – l1-1_all_data_specific_layers_ft job started OK
Fri Jul 18 23:50:39 UTC 2025 – l1-1_all_data_specific_layers_ft job started OK
Fri Jul 18 23:54:33 UTC 2025 – l1-1_all_data_specific_layers_ft job started OK
Fri Jul 18 23:55:03 UTC 2025 – l1-1_all_data_specific_layers_ft job started OK
Fri Jul 18 23:56:02 UTC 2025 – l1-1_all_data_specific_layers_ft job started OK
Fri Jul 18 23:56:37 UTC 2025 – l1-1_all_data_specific_layers_ft job started OK
Fri Jul 18 23:57:02 UTC 2025 – l1-1_all_data_specific_layers_ft job started OK
Sat Jul 19 09:56:08 UTC 2025 – l1-1_all_data_specific_layers_ft job started OK
Sat Jul 19 09:58:47 UTC 2025 – l1-1_all_data_specific_layers_ft job started OK
Sat Jul 19 10:00:16 UTC 2025 – l1-1_all_data_specific_layers_ft job started OK
Sat Jul 19 13:14:34 UTC 2025 – l1-1_all_data_specific_layers_ft job started OK
Sat Jul 19 13:16:17 UTC 2025 – l1-2_all_data_specific_layers_ft job started OK
Sat Jul 19 13:16:26 UTC 2025 – l1-3_all_data_specific_layers_ft job started OK
Sat Jul 19 13:23:20 UTC 2025 – l1-3_all_data_specific_layers_ft job started OK
Sat Jul 19 13:25:06 UTC 2025 – l1-2_all_data_specific_layers_ft job started OK
Sat Jul 19 13:25:09 UTC 2025 – l1-1_all_data_specific_layers_ft job started OK
Sat Jul 19 13:25:17 UTC 2025 – l1-4_all_data_specific_layers_ft job started OK
Sat Jul 19 13:35:09 UTC 2025 – l1-4_all_data_specific_layers_ft job started OK
Sat Jul 19 13:39:38 UTC 2025 – l1-1_all_data_specific_layers_ft job started OK
Sat Jul 19 13:46:58 UTC 2025 – l1-2_all_data_specific_layers_ft job started OK
Sat Jul 19 13:47:11 UTC 2025 – l1-3_all_data_specific_layers_ft job started OK
Sat Jul 19 13:47:21 UTC 2025 – l1-4_all_data_specific_layers_ft job started OK
Sat Jul 19 13:47:32 UTC 2025 – l1-5_all_data_specific_layers_ft job started OK
Sat Jul 19 13:51:53 UTC 2025 – l1-2_all_data_specific_layers_ft job started OK
Sat Jul 19 19:34:57 UTC 2025 – l1-1_all_data_specific_layers_ft job finished OK
Sat Jul 19 19:34:58 UTC 2025 – l1-3_all_data_specific_layers_ft job started OK
Sat Jul 19 23:47:33 UTC 2025 – l1-1_a_specific_layers_ft job started OK
Sat Jul 19 23:48:02 UTC 2025 – l1-2_a_specific_layers_ft job started OK
Sat Jul 19 23:52:02 UTC 2025 – l1-3_a_specific_layers_ft job started OK
Sun Jul 20 02:40:08 UTC 2025 – l1-1_a_specific_layers_ft job finished OK
Sun Jul 20 02:40:08 UTC 2025 – l1-4_a_specific_layers_ft job started OK
Sun Jul 20 05:05:47 UTC 2025 – l1-2_a_specific_layers_ft job finished OK
Sun Jul 20 05:05:48 UTC 2025 – l1-5_a_specific_layers_ft job started OK
Sun Jul 20 05:35:05 UTC 2025 – l1-2_all_data_specific_layers_ft job started OK
Sun Jul 20 07:17:53 UTC 2025 – l1-3_a_specific_layers_ft job finished OK
Sun Jul 20 07:17:54 UTC 2025 – l1-4_all_data_specific_layers_ft job started OK
Sun Jul 20 11:20:14 UTC 2025 – l1-4_a_specific_layers_ft job finished OK
Sun Jul 20 11:20:15 UTC 2025 – l1-5_all_data_specific_layers_ft job started OK
Sun Jul 20 13:47:04 UTC 2025 – l1-5_a_specific_layers_ft job finished OK
Mon Jul 21 18:34:25 UTC 2025 – l1-2_a_all_layers_ft job started OK
Mon Jul 21 18:42:44 UTC 2025 – l1-2_a_all_layers_ft job started OK
Mon Jul 21 20:34:55 UTC 2025 – l1-2_a_all_layers_ft job started OK
Mon Jul 21 20:44:35 UTC 2025 – l1-2_a_all_layers_ft job started OK
Mon Jul 21 21:03:22 UTC 2025 – l1-2_a_all_layers_ft job started OK
Mon Jul 21 21:12:19 UTC 2025 – l1-2_a_all_layers_ft job started OK
Mon Jul 21 21:21:10 UTC 2025 – l1-2_a_all_layers_ft job started OK
Mon Jul 21 21:31:55 UTC 2025 – l1-2_a_all_layers_ft job finished OK
Mon Jul 21 21:31:56 UTC 2025 – l1-3_a_specific_layers_ft job started OK
Mon Jul 21 21:45:50 UTC 2025 – l1-3_all_data_all_layers_ft job started OK
Mon Jul 21 21:45:50 UTC 2025 – l1-2_all_data_all_layers_ft job started OK
Mon Jul 21 21:54:19 UTC 2025 – l1-3_a_specific_layers_ft job finished OK
Mon Jul 21 22:10:49 UTC 2025 – l1-2_all_data_all_layers_ft job finished OK
Mon Jul 21 22:43:06 UTC 2025 – l1-3_all_data_all_layers_ft job finished OK
Mon Jul 21 22:43:07 UTC 2025 – l1-2_a_all_layers_ft job started OK
Mon Jul 21 22:50:02 UTC 2025 – l1-2_a_all_layers_ft_lr5e-5_gas16_sas200 job started OK
Mon Jul 21 22:51:46 UTC 2025 – l1-2_a_all_layers_ft_lr5e-5_gas16_sas200 job started OK
Mon Jul 21 23:07:00 UTC 2025 – l1-2_a_all_layers_ft_lr5e-5_gas16_sas200 job started OK
Mon Jul 21 23:08:11 UTC 2025 – l1-2_a_all_layers_ft_lr5e-5_gas16_sas200 job started OK
Mon Jul 21 23:12:47 UTC 2025 – l1-2_a_all_layers_ft_lr5e-5_gas16_sas200 job started OK
Mon Jul 21 23:13:24 UTC 2025 – l1-2_a_specific_layers_ft_lr1.8e-4_gas32_sas500 job started OK
Mon Jul 21 23:14:36 UTC 2025 – l1-2_all_data_all_layers_ft_lr5e-5_gas16_sas200 job started OK
Mon Jul 21 23:55:23 UTC 2025 – l1-2_a_all_layers_ft_lr5e-5_gas16_sas200 job started OK
Mon Jul 21 23:55:23 UTC 2025 – l1-3_a_specific_layers_ft_lr1.8e-4_gas32_sas500 job started OK
Mon Jul 21 23:55:23 UTC 2025 – l1-2_all_data_all_layers_ft_lr5e-5_gas16_sas200 job started OK
Tue Jul 22 00:04:48 UTC 2025 – l1-3_all_data_specific_layers_ft_lr1.8e-4_gas32_sas500 job started OK
Tue Jul 22 00:05:38 UTC 2025 – l1-3_a_all_layers_ft_lr5e-5_gas16_sas200 job started OK
Tue Jul 22 00:05:56 UTC 2025 – l1-3_all_data_all_layers_ft_lr5e-5_gas16_sas200 job started OK
Tue Jul 22 00:05:59 UTC 2025 – l1-2_all_data_specific_layers_ft_lr1.8e-4_gas32_sas500 job started OK
Tue Jul 22 00:06:32 UTC 2025 – l1-4_all_data_specific_layers_ft_lr1.8e-4_gas32_sas500 job started OK
Tue Jul 22 00:06:49 UTC 2025 – l1-3_a_all_layers_ft_lr9e-4_gas16_sas500 job started OK
Tue Jul 22 00:07:16 UTC 2025 – l1-3_a_all_layers_ft_lr5e-5_gas8_sas200 job started OK
Tue Jul 22 00:07:37 UTC 2025 – l1-2_a_all_layers_ft_lr9e-4_gas8_sas500 job started OK
Tue Jul 22 00:07:39 UTC 2025 – l1-3_a_specific_layers_ft_lr1.9e-4_gas32_sas200 job started OK
Tue Jul 22 00:08:14 UTC 2025 – l1-3_a_specific_layers_ft_lr1.9e-4_gas16_sas200 job started OK
Tue Jul 22 00:08:14 UTC 2025 – l1-3_all_data_all_layers_ft_lr8e-4_gas16_sas200 job started OK
Tue Jul 22 00:08:51 UTC 2025 – l1-2_all_data_all_layers_ft_lr8e-4_gas16_sas400 job started OK
Tue Jul 22 00:08:51 UTC 2025 – l1-3_all_data_specific_layers_ft_lr1.8e-4_gas16_sas500 job started OK
Tue Jul 22 00:09:28 UTC 2025 – l1-3_all_data_specific_layers_ft_lr1e-4_gas16_sas400 job started OK
Tue Jul 22 06:35:23 UTC 2025 – l1-2_a_specific_layers_ft_lr1.8e-4_gas32_sas500 job finished OK
Tue Jul 22 07:18:37 UTC 2025 – l1-3_a_specific_layers_ft_lr1.8e-4_gas32_sas500 job finished OK
Tue Jul 22 12:59:37 UTC 2025 – l1-2_a_all_layers_ft_lr3e-5_gas16_ne3_sas200 job started OK
Tue Jul 22 13:25:21 UTC 2025 – A-base_1-2_a_all_layers_ft job started OK
Tue Jul 22 13:40:32 UTC 2025 – C-base_1-2_all_data_all_layers_ft job started OK
Tue Jul 22 13:40:32 UTC 2025 – B-qlora-16_1-3_a_specific_layers_ft job started OK
Tue Jul 22 13:40:32 UTC 2025 – D-qlora-16_1-3_all_data_specific_layers_ft job started OK
Tue Jul 22 13:55:57 UTC 2025 – A-hiLR_1-2_a_all_layers_ft job started OK
Tue Jul 22 13:56:30 UTC 2025 – B-qlora-32_1-3_a_specific_layers_ft job started OK
Tue Jul 22 13:57:02 UTC 2025 – C-lowLR-long_1-2_all_data_all_layers_ft job started OK
Tue Jul 22 13:57:33 UTC 2025 – D-qlora-32_1-3_all_data_specific_layers_ft job started OK
Tue Jul 22 13:58:04 UTC 2025 – A-long_1-2_a_all_layers_ft job started OK
Tue Jul 22 13:58:35 UTC 2025 – B-qlora-lowLR_1-3_a_specific_layers_ft job started OK
Tue Jul 22 13:59:07 UTC 2025 – C-hiLR_1-2_all_data_all_layers_ft job started OK
Tue Jul 22 13:59:38 UTC 2025 – D-qlora-8-lowLR_1-3_all_data_specific_layers_ft job started OK
Tue Jul 22 15:00:31 UTC 2025 – A-hiLR_1-2_a_all_layers_ft job started OK
Tue Jul 22 15:00:31 UTC 2025 – A-base_1-2_a_all_layers_ft job started OK
Tue Jul 22 15:02:51 UTC 2025 – A-long_1-2_a_all_layers_ft job started OK
Tue Jul 22 15:02:54 UTC 2025 – B-qlora-32_1-3_a_specific_layers_ft job started OK
Tue Jul 22 15:05:08 UTC 2025 – B-qlora-lowLR_1-3_a_specific_layers_ft job started OK
Tue Jul 22 15:05:23 UTC 2025 – C-base_1-2_all_data_all_layers_ft job started OK
Tue Jul 22 15:07:37 UTC 2025 – C-lowLR-long_1-2_all_data_all_layers_ft job started OK
Tue Jul 22 15:08:36 UTC 2025 – C-hiLR_1-2_all_data_all_layers_ft job started OK
Tue Jul 22 15:10:53 UTC 2025 – D-qlora-32-lowLR_1-3_all_data_specific_layers_ft job started OK
Tue Jul 22 15:11:49 UTC 2025 – D-qlora-8-lowLR-lowLR_1-3_all_data_specific_layers_ft job started OK
Tue Jul 22 16:01:02 UTC 2025 – A-long_1-2_a_all_layers_ft job started OK
Tue Jul 22 16:01:02 UTC 2025 – A-base_1-2_a_all_layers_ft job started OK
Tue Jul 22 16:24:39 UTC 2025 – A-hiLR_1-2_a_all_layers_ft job started OK
Tue Jul 22 16:24:41 UTC 2025 – A-long_1-2_a_all_layers_ft job started OK
Tue Jul 22 16:25:30 UTC 2025 – B-qlora-32_1-3_a_specific_layers_ft job started OK
Tue Jul 22 16:25:30 UTC 2025 – B-qlora-lowLR_1-3_a_specific_layers_ft job started OK
Tue Jul 22 16:26:23 UTC 2025 – C-base_1-2_all_data_all_layers_ft job started OK
Tue Jul 22 16:26:23 UTC 2025 – C-lowLR-long_1-2_all_data_all_layers_ft job started OK
Tue Jul 22 16:27:16 UTC 2025 – D-qlora-32-lowLR_1-3_all_data_specific_layers_ft job started OK
Tue Jul 22 16:27:16 UTC 2025 – C-hiLR_1-2_all_data_all_layers_ft job started OK
Tue Jul 22 16:28:08 UTC 2025 – D-qlora-8-lowLR-lowLR_1-3_all_data_specific_layers_ft job started OK
Tue Jul 22 16:58:12 UTC 2025 – l1-3_all_data_specific_layers_ft_lr1.8e-4_ga16_sas400 job finished OK
Tue Jul 22 16:58:13 UTC 2025 – lB-qlora-32_1-2_a_specific_layers_ft job started OK
Tue Jul 22 17:29:01 UTC 2025 – lB-qlora-16_1-2_a_specific_layers_ft job finished OK
Tue Jul 22 17:29:02 UTC 2025 – lB-qlora-lowLR_1-2_a_specific_layers_ft job started OK
Tue Jul 22 20:59:59 UTC 2025 – lB-qlora-32_1-2_a_specific_layers_ft job finished OK
Tue Jul 22 21:00:00 UTC 2025 – lA-long_1-3_a_all_layers_ft job started OK
Tue Jul 22 21:05:53 UTC 2025 – lA-hiLR_1-3_a_all_layers_ft job started OK
Tue Jul 22 21:09:49 UTC 2025 – lA-base_1-3_a_all_layers_ft job started OK
Tue Jul 22 21:14:50 UTC 2025 – hD-qlora-16_1-2_all_data_specific_layers_ft job started OK
Tue Jul 22 21:29:13 UTC 2025 – lB-qlora-lowLR_1-2_a_specific_layers_ft job finished OK
Tue Jul 22 21:29:14 UTC 2025 – hD-qlora-32_1-2_all_data_specific_layers_ft job started OK
Tue Jul 22 23:04:31 UTC 2025 – ho4_1-3_lr1.8e-4_ga16_sas400_ft_inf job started OK
Wed Jul 23 01:38:35 UTC 2025 – hD-qlora-16_1-2_all_data_specific_layers_ft job finished OK
Wed Jul 23 01:38:36 UTC 2025 – hD-qlora-8-lowLR_1-2_all_data_specific_layers_ft job started OK
Wed Jul 23 01:56:44 UTC 2025 – hD-qlora-32_1-2_all_data_specific_layers_ft job finished OK
Wed Jul 23 01:56:45 UTC 2025 – lo5_1-2_B-qlora-16_ft_inf job started OK
Wed Jul 23 01:56:48 UTC 2025 – lo5_1-2_B-qlora-32_ft_inf job started OK
Wed Jul 23 01:56:51 UTC 2025 – lo5_1-2_B-qlora-lowLR_ft_inf job started OK
Wed Jul 23 01:56:54 UTC 2025 – lo4_1-3_lr1e-4_ga16_sas300_ft_inf job started OK
Wed Jul 23 06:12:35 UTC 2025 – hD-qlora-8-lowLR_1-2_all_data_specific_layers_ft job finished OK
Wed Jul 23 09:25:09 UTC 2025 – lA-base-mem_1-3_a_all_layers_ft job started OK
Wed Jul 23 09:27:29 UTC 2025 – hC-hiLR_1-2_all_data_all_layers_ft job started OK
Wed Jul 23 09:38:17 UTC 2025 – lo5_1-2_B-qlora-lowLR_ft_inf job started OK
Wed Jul 23 09:39:14 UTC 2025 – hC-hiLR_1-2_all_data_all_layers_ft job started OK
Wed Jul 23 09:42:24 UTC 2025 – lo5_1-2_B-qlora-lowLR_ft_inf job started OK
Wed Jul 23 09:42:56 UTC 2025 – ho5_1-2_B-qlora-32_ft_inf job started OK
Tue Jul 22 17:01:33 UTC 2025 – A-long_1-2_a_all_layers_ft job started OK
Tue Jul 22 17:29:09 UTC 2025 – D-qlora-16_1-3_all_data_specific_layers_ft job finished OK
Tue Jul 22 17:29:10 UTC 2025 – A-hiLR_1-2_a_all_layers_ft job started OK
Tue Jul 22 17:34:55 UTC 2025 – B-qlora-16_1-3_a_specific_layers_ft job finished OK
Tue Jul 22 17:34:56 UTC 2025 – A-base_1-2_a_all_layers_ft job started OK
Tue Jul 22 20:02:24 UTC 2025 – D-qlora-8-lowLR-lowLR_1-3_all_data_specific_layers_ft job finished OK
Tue Jul 22 21:39:44 UTC 2025 – A-base-plus_1-2_a_all_layers_ft job started OK
Tue Jul 22 21:40:07 UTC 2025 – A-base-plus_1-2_a_all_layers_ft job started OK
Tue Jul 22 21:41:18 UTC 2025 – B-qlora-lowLR-8e-5_1-3_a_specific_layers_ft job started OK
Tue Jul 22 22:00:07 UTC 2025 – C-lowLR-short_1-2_all_data_specific_layers_ft job started OK
Tue Jul 22 22:00:07 UTC 2025 – D-qlora-midLR-1p2e-4_1-3_all_data_specific_layers_ft job started OK
Tue Jul 22 22:47:38 UTC 2025 – E-qlora-robust-8e-5_1-3_all_data_specific_layers_ft job started OK
Tue Jul 22 22:48:29 UTC 2025 – 1-3_midLR_qlora_1-3_all_data_specific_layers_ft job started OK
Tue Jul 22 22:49:19 UTC 2025 – 1-3_lowLR_qlora_1-3_all_data_specific_layers_ft job started OK
Tue Jul 22 22:50:10 UTC 2025 – 1-2_lowLR_fullFT_1-3_all_data_specific_layers_ft job started OK
Tue Jul 22 22:51:01 UTC 2025 – 1-4_lowLR_qlora_1-3_all_data_specific_layers_ft job started OK
Tue Jul 22 23:20:30 UTC 2025 – multiple_all_data_specific_layers_ft job started OK
Tue Jul 22 23:20:36 UTC 2025 – multiple_all_data_specific_layers_ft job started OK
Tue Jul 22 23:21:20 UTC 2025 – multiple_all_data_specific_layers_ft job started OK
Tue Jul 22 23:21:22 UTC 2025 – multiple_all_data_specific_layers_ft job started OK
Tue Jul 22 23:21:51 UTC 2025 – multiple_all_data_specific_layers_ft job started OK
Tue Jul 22 23:55:08 UTC 2025 – multiple_all_data_specific_layers_ft job started OK
Wed Jul 23 00:17:53 UTC 2025 – D-qlora-midLR-1p2e-4_1-3_all_data_specific_layers_ft job finished OK
Wed Jul 23 04:05:57 UTC 2025 – multiple_all_data_specific_layers_ft job finished OK
Wed Jul 23 04:39:15 UTC 2025 – multiple_all_data_specific_layers_ft job finished OK
Wed Jul 23 09:05:38 UTC 2025 – A-base-plus_1-2_a_all_layers_ft job started OK
Wed Jul 23 09:06:51 UTC 2025 – B-qlora-lowLR-8e-5_1-3_a_specific_layers_ft job started OK
Wed Jul 23 10:23:38 UTC 2025 – lA-base-mem_1-3_a_all_layers_ft job finished OK
Wed Jul 23 10:23:39 UTC 2025 – lo5_1-2_B-qlora-16_ft_inf job started OK
Wed Jul 23 10:44:50 UTC 2025 – ho5_1-2_D-qlora-32_ft_inf job started OK
Wed Jul 23 10:49:28 UTC 2025 – lo5_1-2_D-qlora-16_ft_inf job started OK
Wed Jul 23 10:57:51 UTC 2025 – hC-hiLR_1-2_all_data_all_layers_ft job finished OK
Wed Jul 23 10:57:52 UTC 2025 – ho5_1-3_lr1.8e-4_ga16_sas400_ft_inf job started OK
Wed Jul 23 11:19:56 UTC 2025 – lo5_1-2_D-qlora-8-lowLR_ft_inf job started OK
Wed Jul 23 14:04:21 UTC 2025 – lo5_1-3_lr1e-4_ga16_sas300_ft_inf job started OK
Wed Jul 23 10:35:59 UTC 2025 – o6_1-4_lowLR_qlora job started OK
Wed Jul 23 10:35:59 UTC 2025 – o6_1-3_D-qlora-midLR-1p2e-4 job started OK
Wed Jul 23 10:36:01 UTC 2025 – o6_1-3_midLR_qlora job started OK
Wed Jul 23 10:59:17 UTC 2025 – B-qlora-lowLR-8e-5_1-3_a_specific_layers_ft job finished OK
Wed Jul 23 11:10:53 UTC 2025 – o6_1-3_B-qlora-lowLR-8e-5_inf_ft job started OK
Wed Jul 23 11:13:28 UTC 2025 – o6_1-3_D-qlora-midLR-1p2e-4_inf_ft job started OK
Wed Jul 23 11:16:38 UTC 2025 – o6_1-3_B-qlora-lowLR-8e-5_inf_ft job started OK
Wed Jul 23 11:17:33 UTC 2025 – o6_1-3_D-qlora-midLR-1p2e-4_inf_ft job started OK
Wed Jul 23 11:53:32 UTC 2025 – o6_1-3_B-qlora-lowLR-8e-5_inf_ft job started OK
Wed Jul 23 11:55:31 UTC 2025 – A-base-plus_1-2_a_all_layers_ft job started OK
Wed Jul 23 12:20:12 UTC 2025 – o6_1-4_lowLR_qlora_inf_ft job started OK
Wed Jul 23 12:20:12 UTC 2025 – o6_1-3_D-qlora-midLR-1p2e-4_inf_ft job started OK
Wed Jul 23 13:56:31 UTC 2025 – o6_1-3_B-qlora-lowLR-8e-5_inf_ft job finished OK
Wed Jul 23 13:56:35 UTC 2025 – o6_1-3_midLR_qlora_inf_ft job started OK
Wed Jul 23 14:46:10 UTC 2025 – A-base-plus_1-2_a_all_layers_ft job finished OK
Wed Jul 23 14:46:11 UTC 2025 – o6_1-2_lowLR_fullFT_inf_ft job started OK
Wed Jul 23 18:57:21 UTC 2025 – o6_1-3_D-qlora-midLR-1p2e-4_inf_ft job finished OK
Wed Jul 23 20:43:23 UTC 2025 – o6_1-3_midLR_qlora_inf_ft job finished OK
Wed Jul 23 21:18:20 UTC 2025 – o6_1-4_lowLR_qlora_inf_ft job finished OK
Wed Jul 23 23:08:45 UTC 2025 – lo5_1-3_A-base-mem_ft_inf job started OK
Wed Jul 23 23:10:05 UTC 2025 – ho5_1-3_C-hiLR_ft_inf job started OK
Wed Jul 23 23:11:41 UTC 2025 – lo5_1-3_C-hiLR_ft_inf job started OK
Thu Jul 24 00:32:06 UTC 2025 – o6_1-3_A-base-plus_inf_ft job started OK
Thu Jul 31 18:35:53 UTC 2025 – linf_acts_part1 job started OK
Thu Jul 31 18:37:02 UTC 2025 – linf_acts_part2 job started OK
Thu Jul 31 18:38:05 UTC 2025 – hinf_acts_part3 job started OK
Thu Jul 31 18:39:05 UTC 2025 – hinf_acts_part4 job started OK
Thu Jul 31 18:40:10 UTC 2025 – linf_acts_part1 job started OK
Thu Jul 31 18:40:22 UTC 2025 – linf_acts_part2 job started OK
Thu Jul 31 18:43:56 UTC 2025 – hinf_acts_part3 job started OK
Thu Jul 31 18:44:00 UTC 2025 – hinf_acts_part4 job started OK
Thu Jul 31 20:23:56 UTC 2025 – hinf_acts_part4 job started OK
Thu Jul 31 20:24:05 UTC 2025 – hinf_acts_part3 job started OK
Thu Jul 31 20:24:19 UTC 2025 – linf_acts_part2 job started OK
Thu Jul 31 20:30:47 UTC 2025 – linf_acts_part1 job started OK
Thu Jul 31 20:40:06 UTC 2025 – linf_acts_part1 job started OK
Thu Jul 31 20:40:14 UTC 2025 – linf_acts_part2 job started OK
Thu Jul 31 20:43:18 UTC 2025 – hpart3_inf_acts job started OK
Thu Jul 31 20:55:34 UTC 2025 – hpart4_inf_acts job started OK
Thu Jul 31 21:42:31 UTC 2025 – lpart1_inf_acts job started OK
Thu Jul 31 21:51:11 UTC 2025 – lpart1_inf_acts job started OK
Thu Jul 31 21:53:15 UTC 2025 – lpart1_inf_acts job started OK
Thu Jul 31 22:32:26 UTC 2025 – lpart1_inf_acts job started OK
Thu Jul 31 22:32:52 UTC 2025 – hpart2_inf_acts job started OK
Thu Jul 31 22:33:04 UTC 2025 – hpart3_inf_acts job started OK
Thu Jul 31 22:43:24 UTC 2025 – lpart4_inf_acts job started OK
Thu Jul 31 23:10:47 UTC 2025 – lpart4_inf_acts job started OK
Thu Jul 31 23:13:29 UTC 2025 – lpart4_inf_acts job started OK
Thu Jul 31 23:13:55 UTC 2025 – lpart4_inf_acts job started OK
Thu Jul 31 23:14:44 UTC 2025 – lpart4_inf_acts job started OK
Thu Jul 31 23:15:38 UTC 2025 – lpart4_inf_acts job started OK
Thu Jul 31 23:16:11 UTC 2025 – lpart4_inf_acts job started OK
Thu Jul 31 23:23:09 UTC 2025 – lpart4_inf_acts job started OK
Thu Jul 31 23:23:29 UTC 2025 – lpart4_inf_acts job started OK
Thu Jul 31 23:24:50 UTC 2025 – lpart4_inf_acts job started OK
Thu Jul 31 23:26:05 UTC 2025 – lpart4_inf_acts job started OK
Thu Jul 31 23:26:43 UTC 2025 – lpart4_inf_acts job started OK
Thu Jul 31 23:27:51 UTC 2025 – lpart4_inf_acts job started OK
Thu Jul 31 23:29:45 UTC 2025 – lpart4_inf_acts job started OK
Thu Jul 31 23:30:47 UTC 2025 – lpart4_inf_acts job started OK
Thu Jul 31 23:32:08 UTC 2025 – lpart4_inf_acts job started OK
Thu Jul 31 23:36:31 UTC 2025 – lpart4_inf_acts job started OK
Thu Jul 31 23:37:35 UTC 2025 – lpart4_inf_acts job started OK
Thu Jul 31 23:42:01 UTC 2025 – lpart4_inf_acts job started OK
Thu Jul 31 23:43:00 UTC 2025 – lpart4_inf_acts job started OK
Thu Jul 31 23:44:59 UTC 2025 – lpart4_inf_acts job started OK
Thu Jul 31 23:48:43 UTC 2025 – lpart4_inf_acts job started OK
Thu Jul 31 23:50:11 UTC 2025 – lpart4_inf_acts job started OK
Thu Jul 31 23:59:31 UTC 2025 – lpart4_inf_acts job started OK
Fri Aug  1 00:11:33 UTC 2025 – hpart3_inf_acts job started OK
Fri Aug  1 00:11:52 UTC 2025 – hpart2_inf_acts job started OK
Fri Aug  1 00:13:21 UTC 2025 – lpart1_inf_acts job started OK
Fri Aug  1 00:29:30 UTC 2025 – hpart2_inf_acts job started OK
Fri Aug  1 06:23:57 UTC 2025 – lpart1_inf_acts job started OK
Fri Aug  1 06:49:47 UTC 2025 – lpart4_inf_acts job finished OK
Fri Aug  1 06:59:37 UTC 2025 – hpart3_inf_acts job finished OK
Fri Aug  1 12:08:38 UTC 2025 – lp1_npoo_inf_acts job started OK
Fri Aug  1 12:23:38 UTC 2025 – lp1_npoo_inf_acts job started OK
Fri Aug  1 12:26:59 UTC 2025 – lp2_npoo_inf_acts job started OK
Fri Aug  1 12:27:24 UTC 2025 – hp3_npoo_inf_acts job started OK
Fri Aug  1 12:27:54 UTC 2025 – hp4_npoo_inf_acts job started OK
Fri Aug  1 12:57:00 UTC 2025 – hp4_npoo_inf_acts job started OK
Fri Aug  1 13:36:52 UTC 2025 – lp1_npoo_inf_acts job started OK
Fri Aug  1 13:42:29 UTC 2025 – lp1_npoo_inf_acts job started OK
Fri Aug  1 13:43:10 UTC 2025 – lp2_npoo_inf_acts job started OK
Fri Aug  1 13:43:30 UTC 2025 – hp3_npoo_inf_acts job started OK
Fri Aug  1 13:48:37 UTC 2025 – hp4_npoo_inf_acts job started OK
Fri Aug  1 13:58:28 UTC 2025 – hp4_npoo_inf_acts job started OK
Fri Aug  1 13:58:46 UTC 2025 – hp3_npoo_inf_acts job started OK
Fri Aug  1 14:00:55 UTC 2025 – lp2_npoo_inf_acts job started OK
Fri Aug  1 20:06:12 UTC 2025 – lp1_npoo_inf_acts job started OK
Fri Aug  1 20:57:20 UTC 2025 – hp4_npoo_inf_acts job finished OK
Fri Aug  1 21:08:33 UTC 2025 – lp2_npoo_inf_acts job finished OK
Fri Aug  1 21:32:05 UTC 2025 – hp3_npoo_inf_acts job finished OK
Fri Aug  1 22:26:58 UTC 2025 – lp5_npoo_inf_acts job started OK
Fri Aug  1 22:27:31 UTC 2025 – hp6_npoo_inf_acts job started OK
Fri Aug  1 22:27:48 UTC 2025 – hp7_npoo_inf_acts job started OK
Sat Aug  2 03:06:31 UTC 2025 – lp1_npoo_inf_acts job finished OK
Sat Aug  2 03:49:15 UTC 2025 – hp6_npoo_inf_acts job finished OK
Sat Aug  2 03:49:21 UTC 2025 – lp8_npoo_inf_acts job started OK
Sat Aug  2 03:52:33 UTC 2025 – lp5_npoo_inf_acts job finished OK
Sat Aug  2 03:53:39 UTC 2025 – hp7_npoo_inf_acts job finished OK
Thu Jul 31 18:42:42 UTC 2025 – inf_acts_part5 job started OK
Thu Jul 31 18:42:50 UTC 2025 – inf_acts_part6 job started OK
Thu Jul 31 18:44:07 UTC 2025 – inf_acts_part7 job started OK
Thu Jul 31 18:44:14 UTC 2025 – inf_acts_part8 job started OK
Thu Jul 31 20:19:33 UTC 2025 – inf_acts_part5 job started OK
Thu Jul 31 20:19:43 UTC 2025 – inf_acts_part6 job started OK
Thu Jul 31 20:21:27 UTC 2025 – inf_acts_part7 job started OK
Thu Jul 31 20:21:36 UTC 2025 – inf_acts_part8 job started OK
Thu Jul 31 20:26:06 UTC 2025 – inf_acts_part8 job started OK
Thu Jul 31 20:26:12 UTC 2025 – inf_acts_part7 job started OK
Thu Jul 31 20:28:52 UTC 2025 – inf_acts_part6 job started OK
Thu Jul 31 20:29:00 UTC 2025 – inf_acts_part5 job started OK
Thu Jul 31 20:40:48 UTC 2025 – inf_acts_part5 job started OK
Thu Jul 31 20:41:02 UTC 2025 – inf_acts_part6 job started OK
Thu Jul 31 20:56:00 UTC 2025 – inf_acts_part7 job started OK
Thu Jul 31 21:00:58 UTC 2025 – inf_acts_part8 job started OK
Thu Jul 31 21:51:56 UTC 2025 – inf_acts_part8 job started OK
Thu Jul 31 22:34:17 UTC 2025 – inf_acts_part8 job started OK
Thu Jul 31 22:34:43 UTC 2025 – inf_acts_part7 job started OK
Thu Jul 31 22:57:12 UTC 2025 – inf_acts_part6 job started OK
Thu Jul 31 23:08:58 UTC 2025 – inf_acts_part5 job started OK
Thu Jul 31 23:11:28 UTC 2025 – inf_acts_part5 job finished OK
Fri Aug  1 00:01:44 UTC 2025 – part5_inf_acts job started OK
Fri Aug  1 00:02:06 UTC 2025 – part5_inf_acts job started OK
Fri Aug  1 00:04:06 UTC 2025 – part5_inf_acts job started OK
Fri Aug  1 00:05:19 UTC 2025 – part5_inf_acts job started OK
Fri Aug  1 00:07:18 UTC 2025 – part5_inf_acts job started OK
Fri Aug  1 00:08:13 UTC 2025 – part5_inf_acts job started OK
Fri Aug  1 00:09:59 UTC 2025 – part5_inf_acts job started OK
Fri Aug  1 00:14:55 UTC 2025 – part4_inf_acts job started OK
Fri Aug  1 00:15:09 UTC 2025 – part3_inf_acts job started OK
Fri Aug  1 00:15:09 UTC 2025 – part2_inf_acts job started OK
Fri Aug  1 00:16:09 UTC 2025 – part6_inf_acts job started OK
Fri Aug  1 02:11:37 UTC 2025 – part7_inf_acts job started OK
Fri Aug  1 02:11:37 UTC 2025 – part8_inf_acts job started OK
Fri Aug  1 02:11:40 UTC 2025 – part7_inf_acts job started OK
Fri Aug  1 02:11:43 UTC 2025 – part8_inf_acts job started OK
Fri Aug  1 02:24:28 UTC 2025 – part6_inf_acts job started OK
Fri Aug  1 02:25:01 UTC 2025 – part5_inf_acts job started OK
Fri Aug  1 12:10:11 UTC 2025 – part5_npoo_inf_acts job started OK
Fri Aug  1 12:15:35 UTC 2025 – part5_npoo_inf_acts job started OK
Fri Aug  1 12:18:04 UTC 2025 – part5_npoo_inf_acts job started OK
Fri Aug  1 12:18:33 UTC 2025 – part5_npoo_inf_acts job started OK
Fri Aug  1 12:19:28 UTC 2025 – part5_npoo_inf_acts job started OK
Fri Aug  1 12:24:28 UTC 2025 – part5_npoo_inf_acts job started OK
Fri Aug  1 12:28:19 UTC 2025 – part6_npoo_inf_acts job started OK
Fri Aug  1 12:29:20 UTC 2025 – part8_npoo_inf_acts job started OK
Fri Aug  1 12:29:20 UTC 2025 – part7_npoo_inf_acts job started OK
Fri Aug  1 12:40:45 UTC 2025 – part8_npoo_inf_acts job started OK
Fri Aug  1 12:40:47 UTC 2025 – part7_npoo_inf_acts job started OK
Fri Aug  1 13:25:23 UTC 2025 – part8_npoo_inf_acts job started OK
Fri Aug  1 13:44:20 UTC 2025 – part5_npoo_inf_acts job started OK
Fri Aug  1 13:44:25 UTC 2025 – part6_npoo_inf_acts job started OK
Fri Aug  1 13:44:44 UTC 2025 – part7_npoo_inf_acts job started OK
Fri Aug  1 13:45:01 UTC 2025 – part8_npoo_inf_acts job started OK
Fri Aug  1 14:03:46 UTC 2025 – part8_npoo_inf_acts job started OK
Fri Aug  1 14:04:21 UTC 2025 – part7_npoo_inf_acts job started OK
Fri Aug  1 14:07:03 UTC 2025 – part6_npoo_inf_acts job started OK
Fri Aug  1 14:09:34 UTC 2025 – part6_npoo_inf_acts job finished OK
Fri Aug  1 14:13:43 UTC 2025 – part5_npoo_inf_acts job started OK
Fri Aug  1 14:13:51 UTC 2025 – part6_npoo_inf_acts job started OK
Fri Aug  1 14:14:36 UTC 2025 – part5_npoo_inf_acts job started OK
Fri Aug  1 14:14:51 UTC 2025 – part6_npoo_inf_acts job started OK
Fri Aug  1 14:17:26 UTC 2025 – part7_npoo_inf_acts job started OK
Fri Aug  1 14:30:52 UTC 2025 – part5_npoo_inf_acts job started OK
Fri Aug  1 14:30:52 UTC 2025 – part8_npoo_inf_acts job started OK
Fri Aug  1 16:26:03 UTC 2025 – part5_npoo_inf_acts job started OK
Fri Aug  1 16:26:13 UTC 2025 – part6_npoo_inf_acts job started OK
Fri Aug  1 16:28:56 UTC 2025 – part7_npoo_inf_acts job started OK
Fri Aug  1 16:29:40 UTC 2025 – part8_npoo_inf_acts job started OK
Fri Aug  1 18:42:25 UTC 2025 – part5_npoo_inf_acts job started OK
Fri Aug  1 18:42:25 UTC 2025 – part6_npoo_inf_acts job started OK
Fri Aug  1 18:42:25 UTC 2025 – part6_npoo_inf_acts job started OK
Fri Aug  1 18:43:18 UTC 2025 – part8_npoo_inf_acts job started OK
Fri Aug  1 20:39:27 UTC 2025 – part5_npoo_inf_acts job started OK
Fri Aug  1 20:39:27 UTC 2025 – part7_npoo_inf_acts job started OK
Fri Aug  1 20:39:27 UTC 2025 – part6_npoo_inf_acts job started OK
Fri Aug  1 20:41:06 UTC 2025 – part8_npoo_inf_acts job started OK
Fri Aug  1 22:42:56 UTC 2025 – part6_npoo_inf_acts job started OK
Fri Aug  1 22:42:56 UTC 2025 – part8_npoo_inf_acts job started OK
Fri Aug  1 22:42:56 UTC 2025 – part7_npoo_inf_acts job started OK
Fri Aug  1 22:45:26 UTC 2025 – part5_npoo_inf_acts job started OK
Fri Aug  1 23:09:55 UTC 2025 – part5_npoo_inf_acts job finished OK
Fri Aug  1 23:12:31 UTC 2025 – part6_npoo_inf_acts job finished OK
Sat Aug  2 00:19:08 UTC 2025 – part7_npoo_inf_acts job finished OK
Sat Aug  2 00:46:03 UTC 2025 – part8_npoo_inf_acts job finished OK
Sat Aug  2 09:14:09 UTC 2025 – lp8_npoo_inf_acts job finished OK
Sat Aug  2 10:17:29 UTC 2025 – l10x_ntarg_50k_finetuning job started OK
Sat Aug  2 10:23:06 UTC 2025 – l10x_ntarg_50k_finetuning job started OK
Sat Aug  2 10:35:32 UTC 2025 - l10x_notarg_50k_finetuning job started OK
Sat Aug  2 12:00:32 UTC 2025 – 12x_notarg_50k_ft job started OK
Sat Aug  2 12:05:33 UTC 2025 – 12x_notarg_50k_ft job started OK
Sat Aug  2 12:05:56 UTC 2025 – 12x_sptarg_50k_ft job started OK
Sat Aug  2 12:24:07 UTC 2025 – 12x_notarg_50k_ft job started OK
Sat Aug  2 12:24:30 UTC 2025 – 12x_sptarg_50k_ft job started OK
Sat Aug  2 12:26:01 UTC 2025 – 12x_notarg_50k_ft job started OK
Sat Aug  2 12:26:04 UTC 2025 – 12x_sptarg_50k_ft job started OK
Sat Aug  2 12:31:47 UTC 2025 – 12x_sptarg_50k_ft job started OK
Sat Aug  2 13:15:51 UTC 2025 – 12x_sptarg_50k_ft job started OK
Sat Aug  2 13:56:47 UTC 2025 – 12x_notarg_50k_ft job started OK
Sat Aug  2 13:56:53 UTC 2025 – 12x_sptarg_50k_ft job started OK
Sat Aug  2 14:39:17 UTC 2025 – 8x_notarg_50k_ft job started OK
Sat Aug  2 14:41:21 UTC 2025 – 8x_sptarg_50k_ft job started OK
Sat Aug  2 17:18:32 UTC 2025 – 12x_mtarg_50k_ft job started OK
Sat Aug  2 17:18:32 UTC 2025 – 12x_notarg_2_50k_ft job started OK
Sat Aug  2 18:46:54 UTC 2025 – 8x_sptarg_50k_ft job finished OK
Sat Aug  2 20:41:01 UTC 2025 – 8x_notarg_50k_ft job finished OK
Sat Aug  2 21:46:09 UTC 2025 – 12x_mtarg_50k_ft job finished OK
Sat Aug  2 23:10:49 UTC 2025 – all_notarg_a1_50k_ft job started OK
Sat Aug  2 23:14:56 UTC 2025 – all_b2_sptarg_50k_ft job started OK
Sat Aug  2 23:17:27 UTC 2025 – all_notarg_a1_50k_ft job started OK
Sat Aug  2 23:51:07 UTC 2025 – all_b2_sptarg_50k_ft job started OK
Sun Aug  3 00:07:49 UTC 2025 – all_notarg_a1_50k_ft job finished OK
Sun Aug  3 00:07:50 UTC 2025 – 8x_attn8_sptarg_50k_ft job started OK
Sun Aug  3 00:13:17 UTC 2025 – 8x_attn32_sptarg_50k_ft job started OK
Sun Aug  3 00:29:07 UTC 2025 – 12x_early2_notarg_2_50k_ft job started OK
Sun Aug  3 00:29:07 UTC 2025 – 8x_attn32_sptarg_50k_ft job started OK
Sun Aug  3 02:49:03 UTC 2025 – all_notarg_a1_50k_ft job started OK
Sun Aug  3 03:22:03 UTC 2025 – all_b2_sptarg_50k_ft job started OK
Sun Aug  3 03:27:53 UTC 2025 – 8x_attn8_sptarg_50k_ft job finished OK
Sun Aug  3 10:49:11 UTC 2025 – all_notarg_a1_50k_ft job started OK
Sun Aug  3 10:50:10 UTC 2025 – all_notarg_a1_50k_ft job started OK
Sun Aug  3 10:50:22 UTC 2025 – all_b2_sptarg_50k_ft job started OK
Sun Aug  3 11:34:12 UTC 2025 – all_a1_2_notarg_50k_ft job started OK
Sun Aug  3 11:43:18 UTC 2025 – all_a1_2_notarg_50k_ft job started OK
Sun Aug  3 11:45:43 UTC 2025 – all_b2_2_sptarg_50k_ft job started OK
Sat Aug  2 11:39:25 UTC 2025 - l10x_sptarg_50k_finetuning job started OK
Sat Aug  2 12:18:17 UTC 2025 - l11x_notarg_50k_finetuning job started OK
Sat Aug  2 15:07:08 UTC 2025 - l10x_notarg_2_50k_ft job started OK
Sat Aug  2 15:15:13 UTC 2025 - h9x_notarg_50k_ft job started OK
Sat Aug  2 18:26:58 UTC 2025 - h9x_notarg_50k_ft job started OK
Sat Aug  2 23:41:43 UTC 2025 - h9x_loramlp12_sptarg_50k_ft job started OK
Sat Aug  2 23:49:43 UTC 2025 - h9x_attn8_sptarg_50k_ft job started OK
Sat Aug  2 23:57:31 UTC 2025 - l9x_a1_notarg_50k_ft job started OK
Sun Aug  3 00:24:03 UTC 2025 - h9x_loramlp12_sptarg_50k_ft job started OK
Sun Aug  3 01:04:43 UTC 2025 - h9x_attn8_sptarg_50k_ft job started OK
Sun Aug  3 01:28:52 UTC 2025 - l9x_b2_sptarg_a1_50k_ft job started OK
Sun Aug  3 09:58:04 UTC 2025 - h9x_loramlp12_sptarg_50k_ft job finished OK
Sun Aug  3 10:53:08 UTC 2025 - h9x_attn8_sptarg_50k_ft job finished OK
Sun Aug  3 10:58:13 UTC 2025 - l9x_a1_notarg_50k_ft job started OK
Sun Aug  3 11:00:22 UTC 2025 - l9x_b2_sptarg_50k_ft job started OK
Sun Aug  3 11:55:31 UTC 2025 - h9x_opt_sptarg_50k_ft job started OK
Sun Aug  3 13:31:17 UTC 2025 – all_a1_2_notarg_50k_ft job finished OK
Sun Aug  3 15:24:02 UTC 2025 – all_b2_2_sptarg_50k_ft job finished OK
Sun Aug  3 16:50:44 UTC 2025 – all_a1_notarg_inf job started OK
Sun Aug  3 16:52:32 UTC 2025 – 8x_attn8_sptarg job started OK
Sun Aug  3 16:54:23 UTC 2025 – 8x_attn8_sptarg job started OK
Sun Aug  3 17:29:20 UTC 2025 – all_b2_2_sptarg job started OK
Sun Aug  3 17:52:29 UTC 2025 – 8x_attn8_sptarg job finished OK
Sun Aug  3 18:01:33 UTC 2025 – all_a1_notarg_inf job finished OK
Sun Aug  3 18:20:41 UTC 2025 – all_b2_2_sptarg job finished OK
Sun Aug  3 18:21:45 UTC 2025 – all_a1_notarg_inf job started OK
Sun Aug  3 18:21:57 UTC 2025 – 8x_attn8_sptarg job started OK
Sun Aug  3 19:19:58 UTC 2025 – 8x_attn8_sptarg job finished OK
Sun Aug  3 19:19:59 UTC 2025 – all_b2_2_sptarg job started OK
Sun Aug  3 19:30:24 UTC 2025 – all_a1_notarg_inf job finished OK
Sun Aug  3 20:08:45 UTC 2025 – TEST_8x_attn8_sptarg job started OK
Sun Aug  3 20:10:57 UTC 2025 – TEST_8x_attn8_sptarg job finished OK
Sun Aug  3 20:22:24 UTC 2025 – all_b2_2_sptarg job finished OK
Sun Aug  3 20:27:00 UTC 2025 – TEST2_8x_attn8_sptarg job started OK
Sun Aug  3 20:29:08 UTC 2025 – TEST2_8x_attn8_sptarg job finished OK
Sun Aug  3 20:40:14 UTC 2025 – TEST3_8x_attn8_sptarg job started OK
Sun Aug  3 20:42:20 UTC 2025 – TEST3_8x_attn8_sptarg job finished OK
Sun Aug  3 20:52:42 UTC 2025 – all_a1_notarg_inf job started OK
Sun Aug  3 20:53:05 UTC 2025 – 8x_attn8_sptarg job started OK
Sun Aug  3 20:55:06 UTC 2025 – 8x_attn8_sptarg job finished OK
Sun Aug  3 20:55:07 UTC 2025 – all_b2_2_sptarg job started OK
Sun Aug  3 21:31:22 UTC 2025 – 8x_attn8_sptarg job started OK
Sun Aug  3 21:56:19 UTC 2025 – all_b2_2_sptarg job finished OK
Sun Aug  3 22:02:18 UTC 2025 – all_a1_notarg_inf job finished OK
Sun Aug  3 22:10:35 UTC 2025 – 8x_attn8_sptarg job finished OK
Sun Aug  3 14:47:50 UTC 2025 - l9x_a1_notarg_50k_ft job finished OK
Sun Aug  3 14:47:50 UTC 2025 - hTEST_i9x_attn8_sptarg_inf job started OK
Sun Aug  3 14:50:49 UTC 2025 - hTEST_i9x_attn8_sptarg_inf job finished OK
Sun Aug  3 16:45:47 UTC 2025 - hi9x_attn8_sptarg_inf job started OK
Sun Aug  3 17:11:36 UTC 2025 - li9x_a1_notarg_inf job started OK
Sun Aug  3 18:11:24 UTC 2025 - hi9x_attn8_sptarg_inf job finished OK
Sun Aug  3 18:25:58 UTC 2025 - li9x_a1_notarg_inf job finished OK
Sun Aug  3 18:36:08 UTC 2025 - h9x_opt_sptarg_50k_ft job started OK
Sun Aug  3 18:50:07 UTC 2025 - hi9x_attn8_sptarg_inf job started OK
Sun Aug  3 20:13:28 UTC 2025 - hi9x_attn8_sptarg_inf job finished OK
Sun Aug  3 20:13:29 UTC 2025 - li9x_a1_notarg_inf job started OK
Sun Aug  3 21:14:39 UTC 2025 - hi9x_attn8_sptarg_inf job started OK
Sun Aug  3 22:39:07 UTC 2025 - hi9x_attn8_sptarg_inf job finished OK
Sun Aug  3 22:57:32 UTC 2025 - l9x_b2_sptarg_50k_ft job finished OK
Mon Aug  4 01:28:58 UTC 2025 - li9x_loramlp12_sptarg_inf job started OK
Mon Aug  4 00:32:24 UTC 2025 – l9x_b2_sptarg_50k_ft job started OK
Mon Aug  4 00:47:33 UTC 2025 – h9x_loramlp12_sptarg_50k_ft job started OK
Mon Aug  4 01:17:21 UTC 2025 – l9x_b2_sptarg_50k_ft job finished OK
Mon Aug  4 01:52:31 UTC 2025 – h9x_loramlp12_sptarg_50k_ft job finished OK
Mon Aug  4 02:15:29 UTC 2025 - li9x_a1_notarg_inf job started OK
Mon Aug  4 03:00:17 UTC 2025 - li9x_loramlp12_sptarg_inf job finished OK
Mon Aug  4 04:02:47 UTC 2025 - li9x_a1_notarg_inf job finished OK
Mon Aug  4 08:35:02 UTC 2025 - h9x_opt_sptarg_50k_ft job finished OK
Mon Aug  4 11:05:01 UTC 2025 – h9x_opt_sptarg job started OK
